Archive member included to satisfy reference by file (symbol)

/usr/lib/gcc/avr/5.4.0/avr5/libgcc.a(_exit.o)
                              /usr/lib/gcc/avr/4.9.2/../../../avr/lib/avr5/crtatmega328pb.o (exit)
/usr/lib/gcc/avr/5.4.0/avr5/libgcc.a(_clear_bss.o)
                              main.o (__do_clear_bss)

Memory Configuration

Name             Origin             Length             Attributes
text             0x0000000000000000 0x0000000000020000 xr
data             0x0000000000800060 0x000000000000ffa0 rw !x
eeprom           0x0000000000810000 0x0000000000010000 rw !x
fuse             0x0000000000820000 0x0000000000000400 rw !x
lock             0x0000000000830000 0x0000000000000400 rw !x
signature        0x0000000000840000 0x0000000000000400 rw !x
user_signatures  0x0000000000850000 0x0000000000000400 rw !x
*default*        0x0000000000000000 0xffffffffffffffff

Linker script and memory map

Address of section .data set to 0x800100
LOAD /usr/lib/gcc/avr/4.9.2/../../../avr/lib/avr5/crtatmega328pb.o
LOAD main.o
LOAD /usr/lib/gcc/avr/4.9.2/../../../avr/lib/avr5/libm.a
START GROUP
LOAD /usr/lib/gcc/avr/5.4.0/avr5/libgcc.a
LOAD /usr/lib/gcc/avr/4.9.2/../../../avr/lib/avr5/libm.a
LOAD /usr/lib/gcc/avr/4.9.2/../../../avr/lib/avr5/libc.a
LOAD /usr/lib/gcc/avr/4.9.2/../../../avr/lib/avr5/libatmega328pb.a
END GROUP

.hash
 *(.hash)

.dynsym
 *(.dynsym)

.dynstr
 *(.dynstr)

.gnu.version
 *(.gnu.version)

.gnu.version_d
 *(.gnu.version_d)

.gnu.version_r
 *(.gnu.version_r)

.rel.init
 *(.rel.init)

.rela.init
 *(.rela.init)

.rel.text
 *(.rel.text)
 *(.rel.text.*)
 *(.rel.gnu.linkonce.t*)

.rela.text
 *(.rela.text)
 *(.rela.text.*)
 *(.rela.gnu.linkonce.t*)

.rel.fini
 *(.rel.fini)

.rela.fini
 *(.rela.fini)

.rel.rodata
 *(.rel.rodata)
 *(.rel.rodata.*)
 *(.rel.gnu.linkonce.r*)

.rela.rodata
 *(.rela.rodata)
 *(.rela.rodata.*)
 *(.rela.gnu.linkonce.r*)

.rel.data
 *(.rel.data)
 *(.rel.data.*)
 *(.rel.gnu.linkonce.d*)

.rela.data
 *(.rela.data)
 *(.rela.data.*)
 *(.rela.gnu.linkonce.d*)

.rel.ctors
 *(.rel.ctors)

.rela.ctors
 *(.rela.ctors)

.rel.dtors
 *(.rel.dtors)

.rela.dtors
 *(.rela.dtors)

.rel.got
 *(.rel.got)

.rela.got
 *(.rela.got)

.rel.bss
 *(.rel.bss)

.rela.bss
 *(.rela.bss)

.rel.plt
 *(.rel.plt)

.rela.plt
 *(.rela.plt)

.text           0x0000000000000000      0x194
 *(.vectors)
 .vectors       0x0000000000000000       0xb4 /usr/lib/gcc/avr/4.9.2/../../../avr/lib/avr5/crtatmega328pb.o
                0x0000000000000000                __vectors
                0x0000000000000000                __vector_default
 *(.vectors)
 *(.progmem.gcc*)
                0x00000000000000b4                . = ALIGN (0x2)
                0x00000000000000b4                __trampolines_start = .
 *(.trampolines)
 .trampolines   0x00000000000000b4        0x0 linker stubs
 *(.trampolines*)
                0x00000000000000b4                __trampolines_end = .
 *(.progmem*)
                0x00000000000000b4                . = ALIGN (0x2)
 *(.jumptables)
 *(.jumptables*)
 *(.lowtext)
 *(.lowtext*)
                0x00000000000000b4                __ctors_start = .
 *(.ctors)
                0x00000000000000b4                __ctors_end = .
                0x00000000000000b4                __dtors_start = .
 *(.dtors)
                0x00000000000000b4                __dtors_end = .
 SORT(*)(.ctors)
 SORT(*)(.dtors)
 *(.init0)
 .init0         0x00000000000000b4        0x0 /usr/lib/gcc/avr/4.9.2/../../../avr/lib/avr5/crtatmega328pb.o
                0x00000000000000b4                __init
 *(.init0)
 *(.init1)
 *(.init1)
 *(.init2)
 .init2         0x00000000000000b4        0xc /usr/lib/gcc/avr/4.9.2/../../../avr/lib/avr5/crtatmega328pb.o
 *(.init2)
 *(.init3)
 *(.init3)
 *(.init4)
 .init4         0x00000000000000c0       0x10 /usr/lib/gcc/avr/5.4.0/avr5/libgcc.a(_clear_bss.o)
                0x00000000000000c0                __do_clear_bss
 *(.init4)
 *(.init5)
 *(.init5)
 *(.init6)
 *(.init6)
 *(.init7)
 *(.init7)
 *(.init8)
 *(.init8)
 *(.init9)
 .init9         0x00000000000000d0        0x8 /usr/lib/gcc/avr/4.9.2/../../../avr/lib/avr5/crtatmega328pb.o
 *(.init9)
 *(.text)
 .text          0x00000000000000d8        0x4 /usr/lib/gcc/avr/4.9.2/../../../avr/lib/avr5/crtatmega328pb.o
                0x00000000000000d8                __vector_38
                0x00000000000000d8                __vector_22
                0x00000000000000d8                __vector_28
                0x00000000000000d8                __vector_1
                0x00000000000000d8                __vector_32
                0x00000000000000d8                __vector_34
                0x00000000000000d8                __vector_24
                0x00000000000000d8                __vector_12
                0x00000000000000d8                __bad_interrupt
                0x00000000000000d8                __vector_6
                0x00000000000000d8                __vector_31
                0x00000000000000d8                __vector_35
                0x00000000000000d8                __vector_39
                0x00000000000000d8                __vector_23
                0x00000000000000d8                __vector_30
                0x00000000000000d8                __vector_25
                0x00000000000000d8                __vector_11
                0x00000000000000d8                __vector_13
                0x00000000000000d8                __vector_17
                0x00000000000000d8                __vector_19
                0x00000000000000d8                __vector_7
                0x00000000000000d8                __vector_41
                0x00000000000000d8                __vector_43
                0x00000000000000d8                __vector_27
                0x00000000000000d8                __vector_5
                0x00000000000000d8                __vector_33
                0x00000000000000d8                __vector_37
                0x00000000000000d8                __vector_4
                0x00000000000000d8                __vector_44
                0x00000000000000d8                __vector_9
                0x00000000000000d8                __vector_2
                0x00000000000000d8                __vector_21
                0x00000000000000d8                __vector_15
                0x00000000000000d8                __vector_36
                0x00000000000000d8                __vector_29
                0x00000000000000d8                __vector_40
                0x00000000000000d8                __vector_8
                0x00000000000000d8                __vector_26
                0x00000000000000d8                __vector_14
                0x00000000000000d8                __vector_10
                0x00000000000000d8                __vector_18
                0x00000000000000d8                __vector_20
                0x00000000000000d8                __vector_42
 .text          0x00000000000000dc       0xb4 main.o
                0x00000000000000dc                __vector_16
                0x000000000000014c                __vector_3
                0x0000000000000178                main
 .text          0x0000000000000190        0x0 /usr/lib/gcc/avr/5.4.0/avr5/libgcc.a(_exit.o)
 .text          0x0000000000000190        0x0 /usr/lib/gcc/avr/5.4.0/avr5/libgcc.a(_clear_bss.o)
                0x0000000000000190                . = ALIGN (0x2)
 *(.text.*)
 .text.libgcc.mul
                0x0000000000000190        0x0 /usr/lib/gcc/avr/5.4.0/avr5/libgcc.a(_exit.o)
 .text.libgcc.div
                0x0000000000000190        0x0 /usr/lib/gcc/avr/5.4.0/avr5/libgcc.a(_exit.o)
 .text.libgcc   0x0000000000000190        0x0 /usr/lib/gcc/avr/5.4.0/avr5/libgcc.a(_exit.o)
 .text.libgcc.prologue
                0x0000000000000190        0x0 /usr/lib/gcc/avr/5.4.0/avr5/libgcc.a(_exit.o)
 .text.libgcc.builtins
                0x0000000000000190        0x0 /usr/lib/gcc/avr/5.4.0/avr5/libgcc.a(_exit.o)
 .text.libgcc.fmul
                0x0000000000000190        0x0 /usr/lib/gcc/avr/5.4.0/avr5/libgcc.a(_exit.o)
 .text.libgcc.fixed
                0x0000000000000190        0x0 /usr/lib/gcc/avr/5.4.0/avr5/libgcc.a(_exit.o)
 .text.libgcc.mul
                0x0000000000000190        0x0 /usr/lib/gcc/avr/5.4.0/avr5/libgcc.a(_clear_bss.o)
 .text.libgcc.div
                0x0000000000000190        0x0 /usr/lib/gcc/avr/5.4.0/avr5/libgcc.a(_clear_bss.o)
 .text.libgcc   0x0000000000000190        0x0 /usr/lib/gcc/avr/5.4.0/avr5/libgcc.a(_clear_bss.o)
 .text.libgcc.prologue
                0x0000000000000190        0x0 /usr/lib/gcc/avr/5.4.0/avr5/libgcc.a(_clear_bss.o)
 .text.libgcc.builtins
                0x0000000000000190        0x0 /usr/lib/gcc/avr/5.4.0/avr5/libgcc.a(_clear_bss.o)
 .text.libgcc.fmul
                0x0000000000000190        0x0 /usr/lib/gcc/avr/5.4.0/avr5/libgcc.a(_clear_bss.o)
 .text.libgcc.fixed
                0x0000000000000190        0x0 /usr/lib/gcc/avr/5.4.0/avr5/libgcc.a(_clear_bss.o)
                0x0000000000000190                . = ALIGN (0x2)
 *(.fini9)
 .fini9         0x0000000000000190        0x0 /usr/lib/gcc/avr/5.4.0/avr5/libgcc.a(_exit.o)
                0x0000000000000190                exit
                0x0000000000000190                _exit
 *(.fini9)
 *(.fini8)
 *(.fini8)
 *(.fini7)
 *(.fini7)
 *(.fini6)
 *(.fini6)
 *(.fini5)
 *(.fini5)
 *(.fini4)
 *(.fini4)
 *(.fini3)
 *(.fini3)
 *(.fini2)
 *(.fini2)
 *(.fini1)
 *(.fini1)
 *(.fini0)
 .fini0         0x0000000000000190        0x4 /usr/lib/gcc/avr/5.4.0/avr5/libgcc.a(_exit.o)
 *(.fini0)
                0x0000000000000194                _etext = .

.data           0x0000000000800100        0x0 load address 0x0000000000000194
                0x0000000000800100                PROVIDE (__data_start, .)
 *(.data)
 .data          0x0000000000800100        0x0 /usr/lib/gcc/avr/4.9.2/../../../avr/lib/avr5/crtatmega328pb.o
 .data          0x0000000000800100        0x0 main.o
 .data          0x0000000000800100        0x0 /usr/lib/gcc/avr/5.4.0/avr5/libgcc.a(_exit.o)
 .data          0x0000000000800100        0x0 /usr/lib/gcc/avr/5.4.0/avr5/libgcc.a(_clear_bss.o)
 *(.data*)
 *(.rodata)
 *(.rodata*)
 *(.gnu.linkonce.d*)
                0x0000000000800100                . = ALIGN (0x2)
                0x0000000000800100                _edata = .
                0x0000000000800100                PROVIDE (__data_end, .)

.bss            0x0000000000800100        0x3
                0x0000000000800100                PROVIDE (__bss_start, .)
 *(.bss)
 .bss           0x0000000000800100        0x0 /usr/lib/gcc/avr/4.9.2/../../../avr/lib/avr5/crtatmega328pb.o
 .bss           0x0000000000800100        0x3 main.o
                0x0000000000800100                totalcounter
                0x0000000000800101                miss
                0x0000000000800102                hit
 .bss           0x0000000000800103        0x0 /usr/lib/gcc/avr/5.4.0/avr5/libgcc.a(_exit.o)
 .bss           0x0000000000800103        0x0 /usr/lib/gcc/avr/5.4.0/avr5/libgcc.a(_clear_bss.o)
 *(.bss*)
 *(COMMON)
                0x0000000000800103                PROVIDE (__bss_end, .)
                0x0000000000000194                __data_load_start = LOADADDR (.data)
                0x0000000000000194                __data_load_end = (__data_load_start + SIZEOF (.data))

.noinit         0x0000000000800103        0x0
                0x0000000000800103                PROVIDE (__noinit_start, .)
 *(.noinit*)
                0x0000000000800103                PROVIDE (__noinit_end, .)
                0x0000000000800103                _end = .
                0x0000000000800103                PROVIDE (__heap_start, .)

.eeprom         0x0000000000810000        0x0
 *(.eeprom*)
                0x0000000000810000                __eeprom_end = .

.fuse
 *(.fuse)
 *(.lfuse)
 *(.hfuse)
 *(.efuse)

.lock
 *(.lock*)

.signature
 *(.signature*)

.user_signatures
 *(.user_signatures*)

.stab
 *(.stab)

.stabstr
 *(.stabstr)

.stab.excl
 *(.stab.excl)

.stab.exclstr
 *(.stab.exclstr)

.stab.index
 *(.stab.index)

.stab.indexstr
 *(.stab.indexstr)

.comment        0x0000000000000000       0x30
 *(.comment)
 .comment       0x0000000000000000       0x30 main.o
                                         0x31 (size before relaxing)

.note.gnu.avr.deviceinfo
                0x0000000000000000       0x40
 .note.gnu.avr.deviceinfo
                0x0000000000000000       0x40 /usr/lib/gcc/avr/4.9.2/../../../avr/lib/avr5/crtatmega328pb.o

.note.gnu.build-id
 *(.note.gnu.build-id)

.debug
 *(.debug)

.line
 *(.line)

.debug_srcinfo
 *(.debug_srcinfo)

.debug_sfnames
 *(.debug_sfnames)

.debug_aranges  0x0000000000000000       0x20
 *(.debug_aranges)
 .debug_aranges
                0x0000000000000000       0x20 main.o

.debug_pubnames
 *(.debug_pubnames)

.debug_info     0x0000000000000000      0x9d5
 *(.debug_info .gnu.linkonce.wi.*)
 .debug_info    0x0000000000000000      0x8ea /usr/lib/gcc/avr/4.9.2/../../../avr/lib/avr5/crtatmega328pb.o
 .debug_info    0x00000000000008ea       0xeb main.o

.debug_abbrev   0x0000000000000000      0x903
 *(.debug_abbrev)
 .debug_abbrev  0x0000000000000000      0x86e /usr/lib/gcc/avr/4.9.2/../../../avr/lib/avr5/crtatmega328pb.o
 .debug_abbrev  0x000000000000086e       0x95 main.o

.debug_line     0x0000000000000000      0x21a
 *(.debug_line .debug_line.* .debug_line_end)
 .debug_line    0x0000000000000000      0x1a5 /usr/lib/gcc/avr/4.9.2/../../../avr/lib/avr5/crtatmega328pb.o
 .debug_line    0x00000000000001a5       0x75 main.o

.debug_frame    0x0000000000000000       0x70
 *(.debug_frame)
 .debug_frame   0x0000000000000000       0x70 main.o

.debug_str      0x0000000000000000      0x462
 *(.debug_str)
 .debug_str     0x0000000000000000      0x318 /usr/lib/gcc/avr/4.9.2/../../../avr/lib/avr5/crtatmega328pb.o
 .debug_str     0x0000000000000318      0x14a main.o
                                        0x17e (size before relaxing)

.debug_loc      0x0000000000000000       0x85
 *(.debug_loc)
 .debug_loc     0x0000000000000000       0x85 main.o

.debug_macinfo
 *(.debug_macinfo)

.debug_weaknames
 *(.debug_weaknames)

.debug_funcnames
 *(.debug_funcnames)

.debug_typenames
 *(.debug_typenames)

.debug_varnames
 *(.debug_varnames)

.debug_pubtypes
 *(.debug_pubtypes)

.debug_ranges
 *(.debug_ranges)

.debug_macro
 *(.debug_macro)
OUTPUT(main.elf elf32-avr)
LOAD linker stubs

Cross Reference Table

Symbol                                            File
__FUSE_REGION_LENGTH__                            /usr/lib/gcc/avr/4.9.2/../../../avr/lib/avr5/crtatmega328pb.o
__bad_interrupt                                   /usr/lib/gcc/avr/4.9.2/../../../avr/lib/avr5/crtatmega328pb.o
__bss_end                                         /usr/lib/gcc/avr/5.4.0/avr5/libgcc.a(_clear_bss.o)
__bss_start                                       /usr/lib/gcc/avr/5.4.0/avr5/libgcc.a(_clear_bss.o)
__do_clear_bss                                    /usr/lib/gcc/avr/5.4.0/avr5/libgcc.a(_clear_bss.o)
                                                  main.o
__heap_end                                        /usr/lib/gcc/avr/4.9.2/../../../avr/lib/avr5/crtatmega328pb.o
__init                                            /usr/lib/gcc/avr/4.9.2/../../../avr/lib/avr5/crtatmega328pb.o
__stack                                           /usr/lib/gcc/avr/4.9.2/../../../avr/lib/avr5/crtatmega328pb.o
__vector_1                                        /usr/lib/gcc/avr/4.9.2/../../../avr/lib/avr5/crtatmega328pb.o
__vector_10                                       /usr/lib/gcc/avr/4.9.2/../../../avr/lib/avr5/crtatmega328pb.o
__vector_11                                       /usr/lib/gcc/avr/4.9.2/../../../avr/lib/avr5/crtatmega328pb.o
__vector_12                                       /usr/lib/gcc/avr/4.9.2/../../../avr/lib/avr5/crtatmega328pb.o
__vector_13                                       /usr/lib/gcc/avr/4.9.2/../../../avr/lib/avr5/crtatmega328pb.o
__vector_14                                       /usr/lib/gcc/avr/4.9.2/../../../avr/lib/avr5/crtatmega328pb.o
__vector_15                                       /usr/lib/gcc/avr/4.9.2/../../../avr/lib/avr5/crtatmega328pb.o
__vector_16                                       main.o
                                                  /usr/lib/gcc/avr/4.9.2/../../../avr/lib/avr5/crtatmega328pb.o
__vector_17                                       /usr/lib/gcc/avr/4.9.2/../../../avr/lib/avr5/crtatmega328pb.o
__vector_18                                       /usr/lib/gcc/avr/4.9.2/../../../avr/lib/avr5/crtatmega328pb.o
__vector_19                                       /usr/lib/gcc/avr/4.9.2/../../../avr/lib/avr5/crtatmega328pb.o
__vector_2                                        /usr/lib/gcc/avr/4.9.2/../../../avr/lib/avr5/crtatmega328pb.o
__vector_20                                       /usr/lib/gcc/avr/4.9.2/../../../avr/lib/avr5/crtatmega328pb.o
__vector_21                                       /usr/lib/gcc/avr/4.9.2/../../../avr/lib/avr5/crtatmega328pb.o
__vector_22                                       /usr/lib/gcc/avr/4.9.2/../../../avr/lib/avr5/crtatmega328pb.o
__vector_23                                       /usr/lib/gcc/avr/4.9.2/../../../avr/lib/avr5/crtatmega328pb.o
__vector_24                                       /usr/lib/gcc/avr/4.9.2/../../../avr/lib/avr5/crtatmega328pb.o
__vector_25                                       /usr/lib/gcc/avr/4.9.2/../../../avr/lib/avr5/crtatmega328pb.o
__vector_26                                       /usr/lib/gcc/avr/4.9.2/../../../avr/lib/avr5/crtatmega328pb.o
__vector_27                                       /usr/lib/gcc/avr/4.9.2/../../../avr/lib/avr5/crtatmega328pb.o
__vector_28                                       /usr/lib/gcc/avr/4.9.2/../../../avr/lib/avr5/crtatmega328pb.o
__vector_29                                       /usr/lib/gcc/avr/4.9.2/../../../avr/lib/avr5/crtatmega328pb.o
__vector_3                                        main.o
                                                  /usr/lib/gcc/avr/4.9.2/../../../avr/lib/avr5/crtatmega328pb.o
__vector_30                                       /usr/lib/gcc/avr/4.9.2/../../../avr/lib/avr5/crtatmega328pb.o
__vector_31                                       /usr/lib/gcc/avr/4.9.2/../../../avr/lib/avr5/crtatmega328pb.o
__vector_32                                       /usr/lib/gcc/avr/4.9.2/../../../avr/lib/avr5/crtatmega328pb.o
__vector_33                                       /usr/lib/gcc/avr/4.9.2/../../../avr/lib/avr5/crtatmega328pb.o
__vector_34                                       /usr/lib/gcc/avr/4.9.2/../../../avr/lib/avr5/crtatmega328pb.o
__vector_35                                       /usr/lib/gcc/avr/4.9.2/../../../avr/lib/avr5/crtatmega328pb.o
__vector_36                                       /usr/lib/gcc/avr/4.9.2/../../../avr/lib/avr5/crtatmega328pb.o
__vector_37                                       /usr/lib/gcc/avr/4.9.2/../../../avr/lib/avr5/crtatmega328pb.o
__vector_38                                       /usr/lib/gcc/avr/4.9.2/../../../avr/lib/avr5/crtatmega328pb.o
__vector_39                                       /usr/lib/gcc/avr/4.9.2/../../../avr/lib/avr5/crtatmega328pb.o
__vector_4                                        /usr/lib/gcc/avr/4.9.2/../../../avr/lib/avr5/crtatmega328pb.o
__vector_40                                       /usr/lib/gcc/avr/4.9.2/../../../avr/lib/avr5/crtatmega328pb.o
__vector_41                                       /usr/lib/gcc/avr/4.9.2/../../../avr/lib/avr5/crtatmega328pb.o
__vector_42                                       /usr/lib/gcc/avr/4.9.2/../../../avr/lib/avr5/crtatmega328pb.o
__vector_43                                       /usr/lib/gcc/avr/4.9.2/../../../avr/lib/avr5/crtatmega328pb.o
__vector_44                                       /usr/lib/gcc/avr/4.9.2/../../../avr/lib/avr5/crtatmega328pb.o
__vector_5                                        /usr/lib/gcc/avr/4.9.2/../../../avr/lib/avr5/crtatmega328pb.o
__vector_6                                        /usr/lib/gcc/avr/4.9.2/../../../avr/lib/avr5/crtatmega328pb.o
__vector_7                                        /usr/lib/gcc/avr/4.9.2/../../../avr/lib/avr5/crtatmega328pb.o
__vector_8                                        /usr/lib/gcc/avr/4.9.2/../../../avr/lib/avr5/crtatmega328pb.o
__vector_9                                        /usr/lib/gcc/avr/4.9.2/../../../avr/lib/avr5/crtatmega328pb.o
__vector_default                                  /usr/lib/gcc/avr/4.9.2/../../../avr/lib/avr5/crtatmega328pb.o
__vectors                                         /usr/lib/gcc/avr/4.9.2/../../../avr/lib/avr5/crtatmega328pb.o
_exit                                             /usr/lib/gcc/avr/5.4.0/avr5/libgcc.a(_exit.o)
exit                                              /usr/lib/gcc/avr/5.4.0/avr5/libgcc.a(_exit.o)
                                                  /usr/lib/gcc/avr/4.9.2/../../../avr/lib/avr5/crtatmega328pb.o
hit                                               main.o
main                                              main.o
                                                  /usr/lib/gcc/avr/4.9.2/../../../avr/lib/avr5/crtatmega328pb.o
miss                                              main.o
totalcounter                                      main.o
