   1               		.file	"main.c"
   2               	__SP_H__ = 0x3e
   3               	__SP_L__ = 0x3d
   4               	__SREG__ = 0x3f
   5               	__tmp_reg__ = 0
   6               	__zero_reg__ = 1
   9               		.text
  10               	.Ltext0:
 103               	.global	__vector_4
 105               	__vector_4:
 106               		.stabd	46,0,0
   1:main.c        **** #include <avr/io.h>
   2:main.c        **** #include <stdint.h>
   3:main.c        **** #include <avr/interrupt.h>
   4:main.c        **** 
   5:main.c        **** #define F_CPU 8000000UL 
   6:main.c        **** 
   7:main.c        **** //button: PB0
   8:main.c        **** //LED: PB1
   9:main.c        **** volatile uint8_t hit=0,miss=0,totalcounter=0;
  10:main.c        **** 
  11:main.c        **** ISR(TIMER1_OVF_vect){
 108               	.LM0:
 109               	.LFBB1:
 110 0000 1F92      		push r1
 111 0002 0F92      		push r0
 112 0004 0FB6      		in r0,__SREG__
 113 0006 0F92      		push r0
 114 0008 1124      		clr __zero_reg__
 115 000a 8F93      		push r24
 116 000c 9F93      		push r25
 117               	/* prologue: Signal */
 118               	/* frame size = 0 */
 119               	/* stack size = 5 */
 120               	.L__stack_usage = 5
  12:main.c        **** 	totalcounter++;
 122               	.LM1:
 123 000e 8091 0000 		lds r24,totalcounter
 124 0012 8F5F      		subi r24,lo8(-(1))
 125 0014 8093 0000 		sts totalcounter,r24
  13:main.c        **** 	if((PINB & (1<<PB3))==0)
 127               	.LM2:
 128 0018 B399      		sbic 0x16,3
 129 001a 00C0      		rjmp .L2
  14:main.c        **** 		hit++;
 131               	.LM3:
 132 001c 8091 0000 		lds r24,hit
 133 0020 8F5F      		subi r24,lo8(-(1))
 134 0022 8093 0000 		sts hit,r24
  15:main.c        **** 	else
  16:main.c        **** 		miss++;
  17:main.c        **** 	if(totalcounter==30){
 136               	.LM4:
 137 0026 8091 0000 		lds r24,totalcounter
 138 002a 8E31      		cpi r24,lo8(30)
 139 002c 01F0      		breq .L7
 140               	.L1:
 141               	/* epilogue start */
  18:main.c        **** 		if(hit >= miss){
  19:main.c        **** 			PORTB ^= (1<<PB4);
  20:main.c        **** 		}
  21:main.c        **** 		TCCR1 = 0;//kill timer
  22:main.c        **** 		GIMSK |= (1<<PCIE);//set pin change interrupts
  23:main.c        **** 		hit=0;
  24:main.c        **** 		miss=0;
  25:main.c        **** 		totalcounter=0;
  26:main.c        **** 	}
  27:main.c        **** }
 143               	.LM5:
 144 002e 9F91      		pop r25
 145 0030 8F91      		pop r24
 146 0032 0F90      		pop r0
 147 0034 0FBE      		out __SREG__,r0
 148 0036 0F90      		pop r0
 149 0038 1F90      		pop r1
 150 003a 1895      		reti
 151               	.L2:
  16:main.c        **** 	if(totalcounter==30){
 153               	.LM6:
 154 003c 8091 0000 		lds r24,miss
 155 0040 8F5F      		subi r24,lo8(-(1))
 156 0042 8093 0000 		sts miss,r24
  17:main.c        **** 		if(hit >= miss){
 158               	.LM7:
 159 0046 8091 0000 		lds r24,totalcounter
 160 004a 8E31      		cpi r24,lo8(30)
 161 004c 01F4      		brne .L1
 162               	.L7:
  18:main.c        **** 		if(hit >= miss){
 164               	.LM8:
 165 004e 9091 0000 		lds r25,hit
 166 0052 8091 0000 		lds r24,miss
 167 0056 9817      		cp r25,r24
 168 0058 00F0      		brlo .L5
  19:main.c        **** 		}
 170               	.LM9:
 171 005a 98B3      		in r25,0x18
 172 005c 80E1      		ldi r24,lo8(16)
 173 005e 8927      		eor r24,r25
 174 0060 88BB      		out 0x18,r24
 175               	.L5:
  21:main.c        **** 		GIMSK |= (1<<PCIE);//set pin change interrupts
 177               	.LM10:
 178 0062 10BE      		out 0x30,__zero_reg__
  22:main.c        **** 		hit=0;
 180               	.LM11:
 181 0064 8BB7      		in r24,0x3b
 182 0066 8062      		ori r24,lo8(32)
 183 0068 8BBF      		out 0x3b,r24
  23:main.c        **** 		miss=0;
 185               	.LM12:
 186 006a 1092 0000 		sts hit,__zero_reg__
  24:main.c        **** 		totalcounter=0;
 188               	.LM13:
 189 006e 1092 0000 		sts miss,__zero_reg__
  25:main.c        **** 	}
 191               	.LM14:
 192 0072 1092 0000 		sts totalcounter,__zero_reg__
 193               	/* epilogue start */
 195               	.LM15:
 196 0076 9F91      		pop r25
 197 0078 8F91      		pop r24
 198 007a 0F90      		pop r0
 199 007c 0FBE      		out __SREG__,r0
 200 007e 0F90      		pop r0
 201 0080 1F90      		pop r1
 202 0082 1895      		reti
 204               	.Lscope1:
 206               		.stabd	78,0,0
 208               	.global	__vector_2
 210               	__vector_2:
 211               		.stabd	46,0,0
  28:main.c        **** ISR(PCINT0_vect){
 213               	.LM16:
 214               	.LFBB2:
 215 0084 1F92      		push r1
 216 0086 0F92      		push r0
 217 0088 0FB6      		in r0,__SREG__
 218 008a 0F92      		push r0
 219 008c 1124      		clr __zero_reg__
 220 008e 8F93      		push r24
 221               	/* prologue: Signal */
 222               	/* frame size = 0 */
 223               	/* stack size = 4 */
 224               	.L__stack_usage = 4
  29:main.c        **** 
  30:main.c        **** 	if((PINB & (1<<PB3))==0){
 226               	.LM17:
 227 0090 B399      		sbic 0x16,3
 228 0092 00C0      		rjmp .L8
  31:main.c        **** 
  32:main.c        ****     	GIMSK =0;//clear pin change interrupts
 230               	.LM18:
 231 0094 1BBE      		out 0x3b,__zero_reg__
  33:main.c        **** 		TCNT1 = 0;
 233               	.LM19:
 234 0096 1FBC      		out 0x2f,__zero_reg__
  34:main.c        **** 	    TIMSK = (1<<TOIE1);//set timer overflow interrupts
 236               	.LM20:
 237 0098 84E0      		ldi r24,lo8(4)
 238 009a 89BF      		out 0x39,r24
  35:main.c        **** 	    TCCR1 = (1<<CS12);//set clock divider (8) for timer
 240               	.LM21:
 241 009c 80BF      		out 0x30,r24
 242               	.L8:
 243               	/* epilogue start */
  36:main.c        **** 	}
  37:main.c        **** }
 245               	.LM22:
 246 009e 8F91      		pop r24
 247 00a0 0F90      		pop r0
 248 00a2 0FBE      		out __SREG__,r0
 249 00a4 0F90      		pop r0
 250 00a6 1F90      		pop r1
 251 00a8 1895      		reti
 253               	.Lscope2:
 255               		.stabd	78,0,0
 256               		.section	.text.startup,"ax",@progbits
 258               	.global	main
 260               	main:
 261               		.stabd	46,0,0
  38:main.c        **** 
  39:main.c        **** int main(void){
 263               	.LM23:
 264               	.LFBB3:
 265               	/* prologue: function */
 266               	/* frame size = 0 */
 267               	/* stack size = 0 */
 268               	.L__stack_usage = 0
  40:main.c        ****     DDRB = ~(1<<PB3);//all outputs except PB3
 270               	.LM24:
 271 0000 87EF      		ldi r24,lo8(-9)
 272 0002 87BB      		out 0x17,r24
  41:main.c        ****     PORTB = ~(1<<PB3);
 274               	.LM25:
 275 0004 88BB      		out 0x18,r24
  42:main.c        ****     GIMSK = (1<<PCIE);//set pin change interrupts
 277               	.LM26:
 278 0006 80E2      		ldi r24,lo8(32)
 279 0008 8BBF      		out 0x3b,r24
  43:main.c        ****     PCMSK = (1<<PCINT3);//set pin change interrupt on pin 3
 281               	.LM27:
 282 000a 88E0      		ldi r24,lo8(8)
 283 000c 85BB      		out 0x15,r24
  44:main.c        ****     PORTB = (1<<PORTB3);//set the pullup on PB3
 285               	.LM28:
 286 000e 88BB      		out 0x18,r24
 287               	.L11:
  45:main.c        ****     while(1){
  46:main.c        ****     	sei();
 289               	.LM29:
 290               	/* #APP */
 291               	 ;  46 "main.c" 1
 292 0010 7894      		sei
 293               	 ;  0 "" 2
  47:main.c        ****     	asm("sleep");
 295               	.LM30:
 296               	 ;  47 "main.c" 1
 297 0012 8895      		sleep
 298               	 ;  0 "" 2
  48:main.c        **** 	}
 300               	.LM31:
 301               	/* #NOAPP */
 302 0014 00C0      		rjmp .L11
 304               	.Lscope3:
 306               		.stabd	78,0,0
 307               	.global	totalcounter
 308               		.section .bss
 311               	totalcounter:
 312 0000 00        		.zero	1
 313               	.global	miss
 316               	miss:
 317 0001 00        		.zero	1
 318               	.global	hit
 321               	hit:
 322 0002 00        		.zero	1
 326               		.text
 328               	.Letext0:
 329               		.ident	"GCC: (GNU) 4.9.2"
 330               	.global __do_clear_bss
DEFINED SYMBOLS
                            *ABS*:0000000000000000 main.c
     /tmp/ccqzNczN.s:2      *ABS*:000000000000003e __SP_H__
     /tmp/ccqzNczN.s:3      *ABS*:000000000000003d __SP_L__
     /tmp/ccqzNczN.s:4      *ABS*:000000000000003f __SREG__
     /tmp/ccqzNczN.s:5      *ABS*:0000000000000000 __tmp_reg__
     /tmp/ccqzNczN.s:6      *ABS*:0000000000000001 __zero_reg__
     /tmp/ccqzNczN.s:105    .text:0000000000000000 __vector_4
     /tmp/ccqzNczN.s:311    .bss:0000000000000000 totalcounter
     /tmp/ccqzNczN.s:321    .bss:0000000000000002 hit
     /tmp/ccqzNczN.s:316    .bss:0000000000000001 miss
     /tmp/ccqzNczN.s:210    .text:0000000000000084 __vector_2
     /tmp/ccqzNczN.s:260    .text.startup:0000000000000000 main

UNDEFINED SYMBOLS
__do_clear_bss
